// Jest Snapshot v1, https://goo.gl/fbAQLP

exports[`Pruebas en <AndresApp2 /> Debe hacer match con el snapShot 1`] = `
<div>
  <h1
    data-testid="test-title"
  >
     
    Hola soy Andres Alvarez
     
  </h1>
  <p>
    No hay subtitulo
  </p>
  <p>
    No hay subtitulo
  </p>
  <p>
    Andres Alvarez
  </p>
</div>
`;
