// Jest Snapshot v1, https://goo.gl/fbAQLP

exports[`Prueba en GifItem.jsx Debe hacer match con el snapshot 1`] = `
<div>
  <div
    class="card"
  >
    <img
      alt="Primera prueba"
      src="https://google.com/fotos-de-gatitos"
    />
    <p>
      Primera prueba
    </p>
  </div>
</div>
`;
